// Jest Snapshot v1, https://goo.gl/fbAQLP

exports[`renders correctly 1`] = `
<div
  className="px-4 py-2"
>
  <nav
    className="text-white text-center flex items-center justify-between"
  >
    <h1
      className="text-amber-500 text-4xl"
    >
      Math Magicians
    </h1>
    <div
      className="text-lg flex gap-10"
    >
      <a
        className="hover:text-amber-500"
        href="/"
        onClick={[Function]}
      >
        HOME
      </a>
      <a
        className="hover:text-amber-500"
        href="/calculator"
        onClick={[Function]}
      >
        CALCULATOR
      </a>
      <a
        className="hover:text-amber-500"
        href="/quote"
        onClick={[Function]}
      >
        QUOTE
      </a>
    </div>
  </nav>
</div>
`;
