// Jest Snapshot v1, https://goo.gl/fbAQLP

exports[`renders correctly 1`] = `
<div
  className="flex h-[80vh] justify-center items-center text-3xl"
>
  <blockquote>
    “Creativity is the greatest rebellion in existence.”
  </blockquote>
  <h4>
    -Osho
  </h4>
</div>
`;
